// Jest Snapshot v1, https://goo.gl/fbAQLP

exports[`Footer renders correctly 1`] = `
.c0 {
  margin: 0 auto;
  text-align: center;
  max-width: 1200px;
  padding: 0.5rem 2rem 1rem;
}

.c1 {
  max-width: 100px;
  width: 100%;
  -webkit-filter: opacity(0.7);
  filter: opacity(0.7);
  -webkit-transition: all 0.2s ease 0s;
  transition: all 0.2s ease 0s;
}

.c1:hover {
  -webkit-filter: opacity(1);
  filter: opacity(1);
}

@media (max-width:768px) {
  .c0 {
    padding: 1rem;
  }
}

<footer
  className="c0"
>
  <a
    href="https://www.contentful.com/"
    rel="noopener noreferrer"
    target="_blank"
  >
    <img
      alt="Powered by Contentful"
      className="c1"
      src="https://images.ctfassets.net/fo9twyrwpveg/44baP9Gtm8qE2Umm8CQwQk/c43325463d1cb5db2ef97fca0788ea55/PoweredByContentful_LightBackground.svg"
    />
  </a>
</footer>
`;
