// Jest Snapshot v1, https://goo.gl/fbAQLP

exports[`NotFoundMessage renders correctly 1`] = `
.c0 {
  text-align: center;
}

.c1 {
  width: 500px;
}

<div
  className="c0"
>
  <h1>
    NOT FOUND
  </h1>
  <img
    className="c1"
    src="test-file-stub"
  />
  <p>
    You just found a page that doesn't exist... oh the sadness.
  </p>
</div>
`;
